  Файл: /home/user1
  Размер: 4096      	Блоков: 8          Блок В/В: 4096   каталог
Устройство: 8/4	Инода: 260623      Ссылки: 2
Доступ: (0700/drwx------)  Uid: ( 1234/   user1)   Gid: ( 1000/students)
Контекст: unconfined_u:object_r:user_home_dir_t:s0
Доступ:        2026-09-20 03:10:23.539922612 +0300
Модифицирован: 2026-09-20 03:47:17.136890650 +0300
Изменён:       2026-09-20 03:47:17.136890650 +0300
Создан:        2026-09-20 00:48:26.788656954 +0300
  Файл: /home/user1/mycat
  Размер: 36568     	Блоков: 72         Блок В/В: 4096   обычный файл
Устройство: 8/4	Инода: 260629      Ссылки: 1
Доступ: (4755/-rwsr-xr-x)  Uid: (    0/    root)   Gid: (    0/    root)
Контекст: unconfined_u:object_r:user_home_t:s0
Доступ:        2026-09-20 03:19:15.374048499 +0300
Модифицирован: 2026-09-20 02:58:46.903547973 +0300
Изменён:       2026-09-20 03:18:02.125541692 +0300
Создан:        2026-09-20 02:58:46.903547973 +0300
  Файл: /home/user1/mychown
  Размер: 65840     	Блоков: 144        Блок В/В: 4096   обычный файл
Устройство: 8/4	Инода: 260632      Ссылки: 1
Доступ: (0755/-rwxr-xr-x)  Uid: ( 1234/   user1)   Gid: (    0/    root)
Контекст: unconfined_u:object_r:user_home_t:s0
Доступ:        2026-09-20 03:53:28.455813890 +0300
Модифицирован: 2026-09-20 03:47:17.136890650 +0300
Изменён:       2026-09-20 03:51:51.825397454 +0300
Создан:        2026-09-20 03:47:17.136890650 +0300
